// Jest Snapshot v1, https://goo.gl/fbAQLP

exports[`MessageForm renders message form 1`] = `
<form
  action="/api/v1/chats/1/messages"
  className="simple_form message-form"
  method="post"
  onSubmit={[Function]}
>
  <div
    className="form-group text message-form__text"
  >
    <textarea
      className="form-control"
      name="message[text]"
      placeholder="Type text..."
      rows="1"
    />
  </div>
  <button
    className="btn btn-primary message-form__button"
  >
    Send
  </button>
</form>
`;
